// Jest Snapshot v1, https://goo.gl/fbAQLP

exports[`SingleResidence The component render correctly 1`] = `
<div>
  <div>
    <div
      class="card teal accent-4"
    >
      <div
        class="card-content"
      >
        <span
          class="card-title"
        >
          here
           St., 
          000
        </span>
      </div>
      <div
        class="card-action"
      >
        <p>
          Street: 
          here
        </p>
        <p>
          Exterior number: 
          000
        </p>
      </div>
    </div>
  </div>
</div>
`;
